Times changed to
Action 1:    04:42
Action 2:    603:52
Action 3:    01:03
Action 4:    853:32
Action 5:    03:62
