Mobbers in List for Each Change
Action 1:
Action 2:Smokey Joe,
Action 3:Smokey Joe,Chris,
Action 4:Smokey Joe,Chris,Sam,
Action 5:Smokey Joe,Chris,
Action 6:Chris,
Action 7:Chris,Seth,
Action 8:Seth,Chris,
Action 9:Seth,Chris,Fredrick,
Action 10:Seth,Fredrick,Chris,
Action 11:Seth,Chris,
Action 12:Chris,
Action 13:
