Mobbers in List for Each Change
Action 1:
Action 2:Joe (Driver) (Next), 
Action 3:Joe (Driver), Chris (Next), 
Action 4:Joe (Driver), Chris, Sam (Next), 
Action 5:Joe (Driver), Chris, Sam, John (Next), 
Action 6:Joe, Chris (Next), Sam, John (Driver), 
Action 7:Joe, Chris (Next), Sam, John (Driver), Bill, 
Action 8:Joe, Chris (Driver), Sam (Next), John, Bill, 
Action 9:Joe, Chris, Sam (Driver), John (Next), Bill, 
Action 10:Joe, Chris (Next), Sam, John (Driver), Bill, 
Action 11:Joe, Chris (Driver), Sam (Next), John, Bill, 
Action 12:Joe, Chris, Sam (Driver), John, Bill (Next), 
Action 13:Joe, Chris (Next), John (Driver), Bill, 
Action 14:Chris, John (Next), Bill (Driver), 
Action 15:Chris (Next), John (Driver), Bill, 
Action 16:Chris, John (Driver), Bill, Seth (Next), 
Action 17:John, Chris (Driver), Bill, Seth (Next), 
Action 18:John, Chris (Driver), Bill, Seth, Fredrick (Next), 
Action 19:John, Bill (Driver), Chris, Seth, Fredrick (Next), 
Action 20:John, Chris (Driver), Seth (Next), Fredrick, 
Action 21:Chris, Seth (Driver), Fredrick (Next), 
Action 22:Seth (Next), Fredrick (Driver), 
